
> minifig-price-tracker@1.0.0 build
> node scripts/validate-schema.js && next build

🔍 Validating Prisma schema...
   Environment: DEVELOPMENT
   Provider: mysql

⚠️  NOTE: Development detected with PostgreSQL provider
   This is OK if you have a local PostgreSQL database.
   If you want to use SQLite locally, run:
   - Change provider to "sqlite" in prisma/schema.prisma
   - Remove @db.Text from description field

✅ Schema validation passed!

 ⚠ You are using a non-standard "NODE_ENV" value in your environment. This creates inconsistencies in the project and is strongly advised against. Read more: https://nextjs.org/docs/messages/non-standard-node-env
   ▲ Next.js 15.5.18
   - Environments: .env.local, .env.production, .env
   - Experiments (use with caution):
     · serverActions

   Creating an optimized production build ...
 ✓ Compiled successfully in 5.5s
   Linting and checking validity of types ...
Failed to compile.

./app/api/admin/test-cache/route.ts:105:31
Type error: Parameter 'item' implicitly has an 'any' type.

[0m [90m 103 |[39m       results[33m.[39mtests[33m.[39muserItems [33m=[39m {
 [90m 104 |[39m         count[33m:[39m userItems[33m.[39mlength[33m,[39m
[31m[1m>[22m[39m[90m 105 |[39m         sample[33m:[39m userItems[33m.[39mmap(item [33m=>[39m ({
 [90m     |[39m                               [31m[1m^[22m[39m
 [90m 106 |[39m           minifigure_no[33m:[39m item[33m.[39mminifigure_no[33m,[39m
 [90m 107 |[39m           has_suggested_price[33m:[39m [33m![39m[33m![39mitem[33m.[39mpricing_suggested_price
 [90m 108 |[39m         }))[0m
Next.js build worker exited with code: 1 and signal: null
